▿ File
  ▿ forms: 2 elements
    ▿ Form
      ▿ literal: Literal
        ▿ number: Number
          - integer: 1
    ▿ Form
      ▿ literal: Literal
        ▿ number: Number
          - integer: 2
