▿ File
  ▿ forms: 1 element
    ▿ Form
      ▿ literal: Literal
        ▿ number: Number
          - integer: 1
